---
source: crates/lune-ui/tests/snapshot_widgets.rs
expression: buffer_to_text(&buf)
---








                    ┌ Confirm ─────────────────────────────┐
                    │ Discard unsaved changes?             │
                    │                                      │
                    │ Press Enter to confirm, Esc to cancel│
                    │                                      │
                    │                                      │
                    └──────────────────────────────────────┘
