---
source: crates/lune-ui/tests/snapshot_widgets.rs
expression: buffer_to_text(&buf)
---



                ┌ Command Palette ─────────────────────────────┐
                │>                                             │
                │──────────────────────────────────────────────│
                │  Agent: Close Pane                           │
                │  Agent: Focus Next                           │
                │  Agent: Focus Previous                       │
                │  Agent: Save Current Layout                  │
                │  Agent: Select Layout                        │
                └──────────────────────────────────────────────┘
