---
source: crates/lune-ui/tests/snapshot_widgets.rs
expression: buffer_to_text(&buf)
---



                ┌ Command Palette ─────────────────────────────┐
                │> sav                                         │
                │──────────────────────────────────────────────│
                │  Save                                        │
                │  Save All                                    │
                │                                              │
                │                                              │
                │                                              │
                └──────────────────────────────────────────────┘
