---
source: crates/lune-ui/tests/snapshot_widgets.rs
expression: buffer_to_text(&buf)
---

           ██╗      ██╗   ██╗ ███╗   ██╗ ███████╗
           ██║      ██║   ██║ ████╗  ██║ ██╔════╝
           ██║      ██║   ██║ ██╔██╗ ██║ █████╗
           ██║      ██║   ██║ ██║╚██╗██║ ██╔══╝
           ███████╗ ╚██████╔╝ ██║ ╚████║ ███████╗
           ╚══════╝  ╚═════╝  ╚═╝  ╚═══╝ ╚══════╝

             a minimal terminal editor · v0.1.0

              ╭ shortcuts ───────────────────╮
              │ Ctrl+P Command palette       │
              │ Ctrl+B Toggle file tree      │
              │ Ctrl+` Toggle agents tab     │
              │ Ctrl+Q Quit                  │
              ╰──────────────────────────────╯
