---
source: crates/lune-ui/tests/snapshot_widgets.rs
expression: text
---


        ╭─────────────────── /tmp/lune-loading.png ────────────────────╮
        │Decoding…                                                     │
        │                                                              │
        │                                                              │
        │                                                              │
        │                                                              │
        │                                                              │
        │                                                              │
        │                                                              │
        │                                                              │
        │                                                              │
        │                                                              │
        │                                                              │
        │                                                              │
        │                                                              │
        │                                                              │
        │                                                              │
        │                                                              │
        ╰──────────────────────────────────────────────────────────────╯
