---
source: crates/lune-ui/tests/snapshot_widgets.rs
expression: text
---


        ╭──────────────────── /tmp/lune-broken.png ────────────────────╮
        │                                                              │
        │                                                              │
        │                                                              │
        │                                                              │
        │                                                              │
        │                                                              │
        │                                                              │
        │                                                              │
        │Failed to render image: decode: invalid magic bytes           │
        │                                                              │
        │                                                              │
        │                                                              │
        │                                                              │
        │                                                              │
        │                                                              │
        │                                                              │
        │                                                              │
        ╰──────────────────────────────────────────────────────────────╯
