---
source: crates/lune-ui/tests/snapshot_widgets.rs
expression: text
---


        ╭──────────────────── README.md (preview) ─────────────────────╮
        │# Title                                                       │
        │                                                              │
        │Body bold and italic.                                         │
        │                                                              │
        │- one                                                         │
        │- two                                                         │
        │                                                              │
        │                                                              │
        │                                                              │
        │                                                              │
        │                                                              │
        │                                                              │
        │                                                              │
        │                                                              │
        │                                                              │
        │                                                              │
        │                                                              │
        ╰──────────────────────────────────────────────────────────────╯
