---
source: crates/lune-ui/tests/snapshot_widgets.rs
expression: buffer_to_text(&buf)
---



                ╭────────────── Command Palette ───────────────╮
                │>                                             │
                │──────────────────────────────────────────────│
                │  Agent: Close Pane                           │
                │  Agent: Cycle Grid Corner                    │
                │  Agent: Focus Next                           │
                │  Agent: Focus Previous                       │
                │  Agent: New Pane                             │
                ╰────  ↑↓ select · Enter run · Esc close  ─────╯
