---
source: crates/lune-ui/tests/snapshot_widgets.rs
expression: buffer_to_text(&buf)
---



                ╭────────────── Command Palette ───────────────╮
                │> sav                                         │
                │──────────────────────────────────────────────│
                │  Agent: Save Current Layout                  │
                │  Agent: Save Layout As…                      │
                │  Save                                        │
                │  Save All                                    │
                │                                              │
                ╰────  ↑↓ select · Enter run · Esc close  ─────╯
