---
source: crates/lune-ui/tests/snapshot_widgets.rs
assertion_line: 716
expression: buffer_to_text(&buf)
---
 lune-editor                 ╮
▼ src                        │
    main.rs M                │
    lib.rs                   │
    utils.rs A               │
▶ tests                      │
  Cargo.toml ?               │
  README.md                  │
                             │
                             ╯
